<world_step xmlns:xsi="http://www.w3.org/2001/XMLSchema-instance" xsi:noNamespaceSchemaLocation="../../../../../../../world_step.xsd">
  <world_metadata>
    <next_world_step>
      ./data_1
    </next_world_step>
    <elapsed_time value="0"/>
    <stepDuration value="0"/>
    <counter value="1"/>
    <randomization_table>
      <entry value="2"/>
      <entry value="3"/>
      <entry value="1"/>
    </randomization_table>
  </world_metadata>
  <rule_group id="rule_group_id">
    <location_graph_rule id="location_graph_rule_id">
      <setup>
        <starting_node node_rule_ref="node"/>
      </setup>
      <node_rule id="node">
        <link_group id="all" angle="0">
          <to_option node_rule_ref="node" adjacent_depth_limit="2" distance="100"/>
        </link_group>
      </node_rule>
    </location_graph_rule>
  </rule_group>
  <location_graph id="location_graph_id">
    <rule location_graph_rule_ref="location_graph_rule_id"/>
    <node node_rule_ref="node" id="A">
      <position x="0" y="0"/>
      <link to="B"/>
      <link to="0.0"/>
    </node>
    <node node_rule_ref="node" id="B">
      <position x="100" y="0"/>
      <link to="C"/>
      <link to="A"/>
    </node>
    <node node_rule_ref="node" id="C">
      <position x="100" y="100"/>
      <link to="D"/>
      <link to="0.0"/>
    </node>
    <node node_rule_ref="node" id="D">
      <position x="0" y="100"/>
    </node>
    <node node_rule_ref="node" id="0.0">
      <position x="100" y="0"/>
    </node>
  </location_graph>
</world_step>