<world_step xmlns:xsi="http://www.w3.org/2001/XMLSchema-instance"
            xsi:noNamespaceSchemaLocation="../../../../../../../../../world_step.xsd">
  <world_metadata>
    <next_world_step>
      ./data_1
    </next_world_step>
    <elapsed_time value="0"/>
    <stepDuration value="0"/>
    <counter value="15"/>
    <randomization_table>
      <entry value="2"/>
      <entry value="3"/>
      <entry value="1"/>
    </randomization_table>
  </world_metadata>
  <rule_group id="rule_group_id">
    <property_rule>
      <entry id="property" units="points">
        <person_default initial="10"/>
      </entry>
    </property_rule>
    <race_rule>
      <entry id="race">
        <icon/>
      </entry>
    </race_rule>
    <action_rule>
      <person_to_person id="action_rule">
        <max_range>
          <operation initial="0"/>
        </max_range>
        <test>
          <value target="target">
            <operation initial="0"/>
          </value>
          <expected target="self">
            <operation initial="0"/>
          </expected>
        </test>
      </person_to_person>
    </action_rule>
    <item_rule>
      <entry id="item">
        <name>
          <name_token prefix="item"/>
        </name>
      </entry>
      <entry id="second_item">
        <name>
          <name_token prefix="second_item"/>
        </name>
      </entry>
      <entry id="third_item">
        <name>
          <name_token prefix="third_item"/>
        </name>
      </entry>
    </item_rule>
    <events_rule>
      <entry id="event">
        <when>
          <person_action_used action_rule_ref="action_rule"/>
        </when>
        <then>
          <select_person origin="target">
            <min initial="3"/>
            <inventory>
              <item>
                <min initial="4"/>
              </item>
            </inventory>
          </select_person>
        </then>
      </entry>
    </events_rule>
    <locations_markov_chain/>
  </rule_group>
  <people>
    <person id="0">
      <location x="0" y="0"/>
      <classifications/>
    </person>
    <person id="0.0">
      <race race_rule_ref="race"/>
      <location x="0" y="0"/>
      <properties/>
      <inventory>
        <item id="0.1" name="second_item">
          <properties/>
        </item>
        <item id="0.2" name="third_item">
          <properties/>
        </item>
        <item id="0.3" name="item">
          <properties/>
        </item>
        <item id="0.4" name="second_item">
          <properties/>
        </item>
      </inventory>
      <classifications/>
    </person>
    <person id="0.5">
      <race race_rule_ref="race"/>
      <location x="0" y="0"/>
      <properties/>
      <inventory>
        <item id="0.6" name="item">
          <properties/>
        </item>
        <item id="0.7" name="second_item">
          <properties/>
        </item>
        <item id="0.8" name="third_item">
          <properties/>
        </item>
        <item id="0.9" name="item">
          <properties/>
        </item>
      </inventory>
      <classifications/>
    </person>
    <person id="0.10">
      <race race_rule_ref="race"/>
      <location x="0" y="0"/>
      <properties/>
      <inventory>
        <item id="0.11" name="third_item">
          <properties/>
        </item>
        <item id="0.12" name="item">
          <properties/>
        </item>
        <item id="0.13" name="second_item">
          <properties/>
        </item>
        <item id="0.14" name="third_item">
          <properties/>
        </item>
      </inventory>
      <classifications/>
    </person>
  </people>
  <actions/>
</world_step>