<world_step xmlns:xsi="http://www.w3.org/2001/XMLSchema-instance" xsi:noNamespaceSchemaLocation="../../../../../../../../../../../../world_step.xsd">
  <world_metadata>
    <elapsed_time value="0"/>
    <stepDuration value="0"/>
    <counter value="2"/>
    <randomization_table>
      <entry value="2"/>
      <entry value="3"/>
      <entry value="1"/>
    </randomization_table>
  </world_metadata>
  <rule_group id="rule_group_id">
    <location_graph_rule id="location_graph_rule_id">
      <setup>
        <starting_node node_rule_ref="node"/>
      </setup>
      <node_rule id="node">
        <link_group_list>
          <link_group id="all" angle="0">
            <to_option node_rule_ref="node" adjacent_depth_limit="0" distance="2" maxDistance="4">
              <distance_to_progress_multiplier initial="2"/>
            </to_option>
          </link_group>
        </link_group_list>
      </node_rule>
    </location_graph_rule>
  </rule_group>
  <data>
    <location>
      <location_graph id="location_graph_id">
        <rule location_graph_rule_ref="location_graph_rule_id"/>
        <node node_rule_ref="node" id="node_id">
          <position x="0" y="0"/>
          <links>
            <link_to node_id_ref="0.0" total_progress="12"/>
            <link_to node_id_ref="0.1" total_progress="6"/>
          </links>
        </node>
        <node node_rule_ref="node" id="0.0">
          <position x="6" y="0"/>
          <links>
            <link_to node_id_ref="node_id" total_progress="12"/>
          </links>
        </node>
        <node node_rule_ref="node" id="0.1">
          <position x="3" y="0"/>
          <links>
            <link_to node_id_ref="node_id" total_progress="6"/>
          </links>
        </node>
      </location_graph>
    </location>
  </data>
  <actions/>
</world_step>