<world_step
        xmlns:xsi="http://www.w3.org/2001/XMLSchema-instance"
        xsi:noNamespaceSchemaLocation="../../../../../../../../../../../../../world_step.xsd">
  <world_metadata>
    <elapsed_time value="0"/>
    <stepDuration value="0"/>
    <counter value="9"/>
    <randomization_table>
      <entry value="2"/>
      <entry value="3"/>
      <entry value="1"/>
    </randomization_table>
  </world_metadata>
  <rule_group id="rule_group_id">
    <name_rule>
      <entry id="name_rule_id">
        <name_token prefix="node">
          <one_of>
            <name_token prefix="First"/>
          </one_of>
        </name_token>
      </entry>
    </name_rule>
    <location_graph_rule id="location_graph_rule_id">
      <setup>
        <starting_node node_rule_ref="node"/>
      </setup>
      <node_rule id="node">
        <name name_rule_ref="name_rule_id"/>
        <existing_person min="2">
          <person_selection/>
        </existing_person>
        <link_group_list>
          <link_group id="all" angle="0">
            <to_option node_rule_ref="node" adjacent_depth_limit="0" distance="0"/>
          </link_group>
        </link_group_list>
      </node_rule>
    </location_graph_rule>
  </rule_group>
  <data>
    <location>
      <location_graph id="location_graph_id">
        <rule location_graph_rule_ref="location_graph_rule_id"/>
        <node node_rule_ref="node" id="node_id">
          <position x="0" y="0"/>
          <links>
            <link_to node_id_ref="0.0" total_progress="0"/>
            <link_to node_id_ref="0.3" total_progress="0"/>
            <link_to node_id_ref="0.6" total_progress="0"/>
          </links>
        </node>
        <node node_rule_ref="node" id="0.0">
          <name value="nodeFirst"/>
          <people>
            <person person_id_ref="0.1"/>
            <person person_id_ref="0.2"/>
          </people>
          <position x="0" y="0"/>
          <links>
            <link_to node_id_ref="node_id" total_progress="0"/>
          </links>
        </node>
        <node node_rule_ref="node" id="0.3">
          <name value="nodeFirst"/>
          <people>
            <person person_id_ref="0.4"/>
            <person person_id_ref="0.5"/>
          </people>
          <position x="0" y="0"/>
          <links>
            <link_to node_id_ref="node_id" total_progress="0"/>
          </links>
        </node>
        <node node_rule_ref="node" id="0.6">
          <name value="nodeFirst"/>
          <people>
            <person person_id_ref="0.7"/>
            <person person_id_ref="0.8"/>
          </people>
          <position x="0" y="0"/>
          <links>
            <link_to node_id_ref="node_id" total_progress="0"/>
          </links>
        </node>
      </location_graph>
    </location>
    <people>
      <person id="0.1">
        <classifications/>
      </person>
      <person id="0.2">
        <classifications/>
      </person>
      <person id="0.4">
        <classifications/>
      </person>
      <person id="0.5">
        <classifications/>
      </person>
      <person id="0.7">
        <classifications/>
      </person>
      <person id="0.8">
        <classifications/>
      </person>
    </people>
  </data>
  <actions/>
</world_step>