<world_step
        xmlns:xsi="http://www.w3.org/2001/XMLSchema-instance"
        xsi:noNamespaceSchemaLocation="../../../../../../../../../../../world_step.xsd">
  <world_metadata>
    <elapsed_time value="0"/>
    <stepDuration value="0"/>
    <counter value="2"/>
    <randomization_table>
      <entry value="2"/>
    </randomization_table>
  </world_metadata>
  <rule_group id="rule_group_id">
    <location_graph_rule id="location_graph_rule_id">
      <setup>
        <starting_node node_rule_ref="node"/>
      </setup>
      <node_rule id="node">
        <link_group_list>
          <link_group id="all" angle="0" angleMax="360">
            <to_option node_rule_ref="node" adjacent_depth_limit="0" distance="0"/>
          </link_group>
        </link_group_list>
      </node_rule>
    </location_graph_rule>
  </rule_group>
  <data>
    <location>
      <location_graph id="0.0">
        <rule location_graph_rule_ref="location_graph_rule_id"/>
        <node node_rule_ref="node" id="0.1">
          <position x="0" y="0"/>
        </node>
      </location_graph>
    </location>
  </data>
</world_step>