<world_step
        xmlns:xsi="http://www.w3.org/2001/XMLSchema-instance"
        xsi:noNamespaceSchemaLocation="../../../../../../../../../../../../../../world_step.xsd"
>
  <world_metadata>
    <elapsed_time value="0"/>
    <stepDuration value="0"/>
    <counter value="0"/>
    <randomization_table>
      <entry value="2"/>
    </randomization_table>
  </world_metadata>
  <rule_group id="rule_group_id">
    <property_rule>
      <entry id="property" units="points"/>
      <entry id="property_dependant" units="points"/>
    </property_rule>
    <action_rule>
      <from_person id="from_person_rule">
        <on_person>
          <mutations>
            <property_mutation property_rule_ref="property">
              <from participant="self">
                <operation initial="1">
                  <add_property property_rule_ref="property_dependant"/>
                </operation>
              </from>
            </property_mutation>
          </mutations>
        </on_person>
      </from_person>
    </action_rule>
  </rule_group>
  <data>
    <people>
      <person id="1">
        <classifications/>
      </person>
      <person id="2">
        <properties>
          <property property_rule_ref="property" value="3"/>
          <property property_rule_ref="property_dependant" value="1"/>
        </properties>
        <classifications/>
      </person>
    </people>
  </data>
  <actions/>
</world_step>