<world_step
        xmlns:xsi="http://www.w3.org/2001/XMLSchema-instance"
        xsi:noNamespaceSchemaLocation="../../../../../../../../../../../../../../../world_step.xsd">
  <world_metadata>
    <elapsed_time value="0"/>
    <stepDuration value="0"/>
    <counter value="0"/>
    <randomization_table>
      <entry value="2"/>
    </randomization_table>
  </world_metadata>
  <rule_group id="rule_group_id">
    <property_rule>
      <entry id="property" units="units"/>
    </property_rule>
    <action_rule>
      <global>
        <entry id="global_action">
          <from>
            <person/>
          </from>
          <on>
            <person>
              <property_mutation property_rule_ref="property">
                <from participant="self">
                  <operation initial="10">
                    <add_property property_rule_ref="property"/>
                  </operation>
                </from>
              </property_mutation>
            </person>
          </on>
        </entry>
      </global>
    </action_rule>
  </rule_group>
  <data>
    <people>
      <person id="1">
        <properties/>
        <classifications/>
      </person>
      <person id="2">
        <properties>
          <property property_rule_ref="property" value="12"/>
        </properties>
        <classifications/>
      </person>
    </people>
  </data>
  <actions/>
</world_step>