<world_step xmlns:xsi="http://www.w3.org/2001/XMLSchema-instance" xsi:noNamespaceSchemaLocation="../../../../../../../../../../../../../world_step.xsd">
  <world_metadata>
    <elapsed_time value="0"/>
    <stepDuration value="0"/>
    <counter value="0"/>
    <randomization_table>
      <entry value="2"/>
      <entry value="3"/>
      <entry value="1"/>
    </randomization_table>
  </world_metadata>
  <rule_group id="rule_group_id">
    <location_graph_rule id="location_graph_rule_id">
      <setup>
        <starting_node node_rule_ref="city"/>
      </setup>
      <node_rule id="city">
        <link_group id="0" angle="0" limit="1">
          <to_option node_rule_ref="plains" adjacent_depth_limit="100" distance="1" maxDistance="3"/>
        </link_group>
        <link_group id="90" angle="90" limit="1">
          <to_option node_rule_ref="plains" adjacent_depth_limit="100" distance="1" maxDistance="3"/>
        </link_group>
        <link_group id="270" angle="270" limit="1">
          <to_option node_rule_ref="plains" adjacent_depth_limit="100" distance="1" maxDistance="3"/>
        </link_group>
      </node_rule>
      <node_rule id="plains">
        <link_group id="all" angle="0" angleMax="360" limit="10"/>
      </node_rule>
    </location_graph_rule>
  </rule_group>
  <data>
    <location>
      <location_graph id="location_graph_id">
        <rule location_graph_rule_ref="location_graph_rule_id"/>
        <node node_rule_ref="city" id="Capital">
          <position x="0" y="0"/>
          <link_to node_id_ref="1.0" total_progress="0"/>
          <link_to node_id_ref="1.1" total_progress="0"/>
          <link_to node_id_ref="1.2" total_progress="0"/>
        </node>
        <node node_rule_ref="plains" id="1.0">
          <position x="0" y="-1"/>
        </node>
        <node node_rule_ref="plains" id="1.1">
          <position x="0" y="1"/>
        </node>
        <node node_rule_ref="plains" id="1.2">
          <position x="1" y="0"/>
        </node>
      </location_graph>
    </location>
  </data>
</world_step>