<world_step xmlns:xsi="http://www.w3.org/2001/XMLSchema-instance" xsi:noNamespaceSchemaLocation="../../../../../../../../world_step.xsd">
  <world_metadata>
    <next_world_step value="../gui-client/data"/>
    <elapsed_time value="0"/>
    <stepDuration value="0"/>
    <counter value="5"/>
    <randomization_table>
      <entry value="6"/>
      <entry value="5"/>
      <entry value="7"/>
      <entry value="1"/>
      <entry value="10"/>
      <entry value="7"/>
      <entry value="3"/>
      <entry value="8"/>
      <entry value="4"/>
      <entry value="9"/>
      <entry value="2"/>
      <entry value="10"/>
      <entry value="1"/>
      <entry value="6"/>
      <entry value="5"/>
      <entry value="1"/>
      <entry value="8"/>
      <entry value="7"/>
      <entry value="3"/>
      <entry value="5"/>
      <entry value="4"/>
      <entry value="2"/>
      <entry value="6"/>
      <entry value="10"/>
      <entry value="9"/>
      <entry value="9"/>
      <entry value="6"/>
      <entry value="7"/>
      <entry value="2"/>
      <entry value="10"/>
      <entry value="4"/>
      <entry value="5"/>
      <entry value="1"/>
      <entry value="3"/>
      <entry value="8"/>
      <entry value="6"/>
      <entry value="5"/>
      <entry value="1"/>
      <entry value="10"/>
      <entry value="4"/>
      <entry value="3"/>
      <entry value="7"/>
      <entry value="2"/>
      <entry value="8"/>
      <entry value="9"/>
      <entry value="2"/>
      <entry value="3"/>
      <entry value="7"/>
      <entry value="5"/>
      <entry value="1"/>
      <entry value="9"/>
      <entry value="10"/>
      <entry value="6"/>
      <entry value="4"/>
      <entry value="8"/>
      <entry value="8"/>
      <entry value="4"/>
      <entry value="2"/>
      <entry value="6"/>
      <entry value="3"/>
      <entry value="7"/>
      <entry value="10"/>
      <entry value="1"/>
      <entry value="9"/>
      <entry value="5"/>
      <entry value="5"/>
      <entry value="9"/>
      <entry value="1"/>
      <entry value="10"/>
      <entry value="2"/>
      <entry value="4"/>
      <entry value="8"/>
      <entry value="7"/>
      <entry value="3"/>
      <entry value="6"/>
      <entry value="3"/>
      <entry value="6"/>
      <entry value="5"/>
      <entry value="8"/>
      <entry value="10"/>
      <entry value="9"/>
      <entry value="4"/>
      <entry value="7"/>
      <entry value="2"/>
      <entry value="1"/>
      <entry value="4"/>
      <entry value="8"/>
      <entry value="1"/>
      <entry value="7"/>
      <entry value="6"/>
      <entry value="5"/>
      <entry value="9"/>
      <entry value="2"/>
      <entry value="3"/>
      <entry value="10"/>
      <entry value="4"/>
      <entry value="9"/>
      <entry value="2"/>
      <entry value="8"/>
      <entry value="3"/>
    </randomization_table>
  </world_metadata>
  <rule_group id="rule_group_id">
    <location_graph_rule id="location_graph_rule_id">
      <setup>
        <starting_node node_rule_ref="city"/>
      </setup>
      <node_rule id="city">
        <link_group id="0" angle="0" angleMax="0" limit="1">
          <to_option node_rule_ref="city" adjacent_depth_limit="100" distance="1" maxDistance="1"/>
        </link_group>
        <link_group id="90" angle="90" angleMax="90" limit="1">
          <to_option node_rule_ref="city" adjacent_depth_limit="100" distance="1" maxDistance="1"/>
        </link_group>
      </node_rule>
      <node_rule id="plains">
        <link_group id="all" angle="0" angleMax="0" limit="10"/>
      </node_rule>
    </location_graph_rule>
  </rule_group>
  <location_graph id="first world">
    <rule location_graph_rule_ref="location_graph_rule_id"/>
    <node node_rule_ref="city" id="Capital">
      <position x="0" y="0"/>
      <link_to node_id_ref="0.0"/>
      <link_to node_id_ref="0.1"/>
      <link_to node_id_ref="0.2"/>
      <link_to node_id_ref="0.3"/>
    </node>
    <node node_rule_ref="city" id="0.0">
      <position x="1" y="0"/>
      <link_to node_id_ref="Capital"/>
      <link_to node_id_ref="0.1"/>
      <link_to node_id_ref="0.2"/>
      <link_to node_id_ref="0.3"/>
    </node>
    <node node_rule_ref="city" id="0.1">
      <position x="2" y="0"/>
      <link_to node_id_ref="0.0"/>
      <link_to node_id_ref="0.2"/>
      <link_to node_id_ref="0.3"/>
    </node>
    <node node_rule_ref="city" id="0.2">
      <position x="3" y="0"/>
      <link_to node_id_ref="0.1"/>
      <link_to node_id_ref="0.3"/>
    </node>
    <node node_rule_ref="city" id="0.3">
      <position x="4" y="0"/>
      <link_to node_id_ref="0.2"/>
      <link_to node_id_ref="0.4"/>
    </node>
    <node node_rule_ref="city" id="0.4">
      <position x="5" y="0"/>
      <link_to node_id_ref="0.3"/>
    </node>
  </location_graph>
</world_step>