<world_step
        xmlns:xsi="http://www.w3.org/2001/XMLSchema-instance"
        xsi:noNamespaceSchemaLocation="../../../../../../../world_step.xsd">
  <world_metadata>
    <next_world_step>./data_1</next_world_step>
    <elapsed_time value="0"/>
    <stepDuration value="0"/>
    <counter value="0"/>
    <randomization_table>
      <entry value="2"/>
    </randomization_table>
  </world_metadata>

  <rule_group id="rule_group_id">
    <property_rule>
      <entry id="attribute" units="points"/>
    </property_rule>
    <classification_rule>
      <entry id="classification">
        <property property_rule_ref="attribute" is="equal">
          <operation initial="10"/>
        </property>
      </entry>
    </classification_rule>
  </rule_group>

  <people>
    <person id="0">
      <location x="0" y="0"/>
      <properties/>
      <classifications/>
    </person>
  </people>
</world_step>