<world_step
        xmlns:xsi="http://www.w3.org/2001/XMLSchema-instance"
        xsi:noNamespaceSchemaLocation="../../../../../../../../../../../world_step.xsd">
  <world_metadata>
    <elapsed_time value="0"/>
    <stepDuration value="0"/>
    <counter value="0"/>
    <randomization_table>
      <entry value="2"/>
    </randomization_table>
  </world_metadata>

  <rule_group id="rule_group_id">
    <property_rule>
      <entry id="property" units=""/>
    </property_rule>
    <classification_rule>
      <entry id="classification">
        <property property_rule_ref="property" is="equal">
          <operation initial="10"/>
        </property>
      </entry>
    </classification_rule>
  </rule_group>

  <items>
    <item id="0"/>
  </items>
</world_step>