ValidationError: other at //rule_group[0]/location_graph_rule[0]/node[0]/link_group[0]/to_option[0]@node_ref not in [node]