/world_step/data/location/location_graph/node
<node id="node_id" node_rule_ref="node_rule"><position x="0" y="0"/><links/></node>
---
/world_step/data/location/location_graph/node
<node id="node_id" node_rule_ref="node_rule"><position x="0" y="0"/><links><link_to node_id_ref="0.0" total_progress="0"/></links></node>
---
/world_step/data/location/location_graph/node
<node id="node_id" node_rule_ref="node_rule"><position x="0" y="0"/><links><link_to node_id_ref="0.0" total_progress="0"/></links></node>
---
/world_step/data/location/location_graph/node
<node id="0.0" node_rule_ref="node_rule"><position x="0" y="0"/><links><link_to node_id_ref="node_id" total_progress="0"/></links></node>
---
/world_step/data/location/location_graph
<location_graph id="location_graph"><rule location_graph_rule_ref="location_graph_rule"/><node id="node_id" node_rule_ref="node_rule"><position x="0" y="0"/><links><link_to node_id_ref="0.0" total_progress="0"/></links></node><node id="0.0" node_rule_ref="node_rule"><position x="0" y="0"/><links><link_to node_id_ref="node_id" total_progress="0"/></links></node></location_graph>