<world_step
        xmlns:xsi="http://www.w3.org/2001/XMLSchema-instance"
        xsi:noNamespaceSchemaLocation="../../../../../../../world_step.xsd">
  <world_metadata>
    <next_world_step>./data_1</next_world_step>
    <elapsed_time value="0"/>
    <stepDuration value="0"/>
    <counter value="0"/>
    <randomization_table>
      <entry value="2"/>
      <entry value="3"/>
      <entry value="4"/>
      <entry value="1"/>
    </randomization_table>
  </world_metadata>

  <rule_group id="rule_group_id">
    <property_rule>
      <entry id="attribute" units="points">
        <person_default initial="10">
          <and do="add_dice" value="100"/>
        </person_default>
      </entry>
    </property_rule>
    <classification_rule>
      <entry id="classification">
        <property property_rule_ref="attribute" is="greaterThanOrEqual">
          <operation initial="10"/>
        </property>
      </entry>
    </classification_rule>
  </rule_group>

  <people>
    <person id="0">
      <location x="0" y="0"/>
      <properties>
        <property property_rule_ref="attribute" value="35"/>
      </properties>
      <classifications>
        <classification classification_rule_ref="classification"/>
      </classifications>
    </person>
    <person id="1">
      <location x="0" y="0"/>
      <properties>
        <property property_rule_ref="attribute" value="60"/>
      </properties>
      <classifications>
        <classification classification_rule_ref="classification"/>
      </classifications>
    </person>
    <person id="2">
      <location x="0" y="0"/>
      <properties>
        <property property_rule_ref="attribute" value="85"/>
      </properties>
      <classifications>
        <classification classification_rule_ref="classification"/>
      </classifications>
    </person>
  </people>
</world_step>