<world_step
        xmlns:xsi="http://www.w3.org/2001/XMLSchema-instance"
        xsi:noNamespaceSchemaLocation="../../../../../../../../../../../../../../../world_step.xsd"
>
  <world_metadata>
    <elapsed_time value="0"/>
    <stepDuration value="0"/>
    <counter value="0"/>
    <randomization_table>
      <entry value="2"/>
    </randomization_table>
  </world_metadata>
  <rule_group id="rule_group_id">
    <property_rule>
      <entry id="property" units="points"/>
    </property_rule>
    <classification_rule>
      <entry id="classification_rule"/>
    </classification_rule>
    <action_rule>
      <from_person id="from_person_rule">
        <on_person>
          <selection>
            <classification classification_rule_ref="classification_rule"/>
          </selection>
          <mutations>
            <property_mutation property_rule_ref="property">
              <from participant="self">
                <operation initial="1"/>
              </from>
            </property_mutation>
          </mutations>
        </on_person>
      </from_person>
    </action_rule>
  </rule_group>
  <data>
    <people>
      <person id="1">
        <classifications/>
      </person>
      <person id="2">
        <properties>
          <property property_rule_ref="property" value="2"/>
        </properties>
        <classifications>
          <classification classification_rule_ref="classification_rule"/>
        </classifications>
      </person>
      <person id="3">
        <classifications/>
      </person>
    </people>
  </data>
  <actions/>
</world_step>