/world_step[0]/data[0]/location[0]/location_graph[0]
<location_graph id="0.0"><rule location_graph_rule_ref="location_graph_rule"/></location_graph>
---
/world_step[0]/data[0]/location[0]/location_graph[0]/node[0]
<node id="0.1" node_rule_ref="node_rule"><position x="0" y="0"/></node>
---
/world_step[0]/data[0]/location[0]/location_graph[0]
<location_graph id="0.0"><rule location_graph_rule_ref="location_graph_rule"/><node id="0.1" node_rule_ref="node_rule"><position x="0" y="0"/></node></location_graph>
---
/world_step[0]/data[0]/location[0]/location_graph[0]/node[0]
<node id="0.1" node_rule_ref="node_rule"><position x="0" y="0"/><links/></node>
---
/world_step[0]/data[0]/location[0]/location_graph[0]/node[0]
<node id="0.1" node_rule_ref="node_rule"><position x="0" y="0"/><links><link_to node_id_ref="0.2" total_progress="0"/></links></node>
---
/world_step[0]/data[0]/location[0]/location_graph[0]/node[0]
<node id="0.1" node_rule_ref="node_rule"><position x="0" y="0"/><links><link_to node_id_ref="0.2" total_progress="0"/></links></node>
---
/world_step[0]/data[0]/location[0]/location_graph[0]/node[1]
<node id="0.2" node_rule_ref="node_rule"><position x="0" y="0"/><links><link_to node_id_ref="0.1" total_progress="0"/></links></node>
---
/world_step[0]/data[0]/location[0]/location_graph[0]
<location_graph id="0.0"><rule location_graph_rule_ref="location_graph_rule"/><node id="0.1" node_rule_ref="node_rule"><position x="0" y="0"/><links><link_to node_id_ref="0.2" total_progress="0"/></links></node><node id="0.2" node_rule_ref="node_rule"><position x="0" y="0"/><links><link_to node_id_ref="0.1" total_progress="0"/></links></node></location_graph>