download
<?xml version="1.0" encoding="UTF-8" standalone="no"?><world_step xmlns:xsi="http://www.w3.org/2001/XMLSchema-instance" xsi:noNamespaceSchemaLocation="../../../../../../../../../../world_step.xsd"><world_metadata><elapsed_time value="0"/><stepDuration value="0"/><counter value="0"/><randomization_table><entry value="2"/></randomization_table></world_metadata><rule_group id="rule_group_id"/><data/></world_step>