<world_step xmlns:xsi="http://www.w3.org/2001/XMLSchema-instance" xsi:noNamespaceSchemaLocation="../../../../../../../world_step.xsd">
  <world_metadata>
    <next_world_step>
      ./data_1
    </next_world_step>
    <elapsed_time value="0"/>
    <stepDuration value="0"/>
    <counter value="3"/>
    <randomization_table>
      <entry value="2"/>
      <entry value="3"/>
      <entry value="1"/>
    </randomization_table>
  </world_metadata>
  <rule_group id="rule_group_id">
    <location_graph_rule id="location_graph_rule_id">
      <setup>
        <starting_node node_rule_ref="node"/>
      </setup>
      <node_rule id="node">
        <link_group id="all" angle="0">
          <to_option node_rule_ref="node" adjacent_depth_limit="0" distance="0" maxDistance="10"/>
        </link_group>
      </node_rule>
    </location_graph_rule>
  </rule_group>
  <location_graph id="location_graph_id">
    <rule location_graph_rule_ref="location_graph_rule_id"/>
    <node node_rule_ref="node" id="node_id">
      <link angle="0" distance="6" to="0.0"/>
      <link angle="0" distance="3" to="0.1"/>
      <link angle="0" distance="10" to="0.2"/>
    </node>
    <node node_rule_ref="node" id="0.0"/>
    <node node_rule_ref="node" id="0.1"/>
    <node node_rule_ref="node" id="0.2"/>
  </location_graph>
</world_step>