<world_step xmlns:xsi="http://www.w3.org/2001/XMLSchema-instance" xsi:noNamespaceSchemaLocation="../../../../../../../../../../../../../world_step.xsd">
  <world_metadata>
    <elapsed_time value="0"/>
    <stepDuration value="0"/>
    <counter value="1"/>
    <randomization_table>
      <entry value="2"/>
    </randomization_table>
  </world_metadata>
  <rule_group id="rule_group_id">
    <property_rule>
      <entry id="property_ref" units="">
        <person_default initial="1"/>
      </entry>
    </property_rule>
    <location_graph_rule id="">
      <setup>
        <starting_node node_rule_ref="node_rule_ref"/>
      </setup>
      <node_rule id="node_rule_ref"/>
    </location_graph_rule>
  </rule_group>
  <people>
    <person id="0.0">
      <properties>
        <property property_rule_ref="property_ref" value="1"/>
      </properties>
      <classifications/>
    </person>
  </people>
  <location_graph>
    <rule location_graph_rule_ref=""/>
    <node node_rule_ref="node_rule_ref" id="">
      <people>
        <person person_id_ref="0.0"/>
      </people>
    </node>
  </location_graph>
  <actions/>
</world_step>