<world_step xmlns:xsi="http://www.w3.org/2001/XMLSchema-instance" xsi:noNamespaceSchemaLocation="../../../../../../../world_step.xsd">
  <world_metadata>
    <elapsed_time value="0"/>
    <stepDuration value="0"/>
    <counter value="1"/>
    <randomization_table>
      <entry value="2"/>
      <entry value="3"/>
      <entry value="1"/>
    </randomization_table>
  </world_metadata>
  <rule_group id="rule_group_id">
    <location_graph_rule id="location_graph_rule_id">
      <setup>
        <starting_node node_rule_ref="node"/>
      </setup>
      <node_rule id="node">
        <link_group id="all" angle="0" angleMax="360" limit="3">
          <to_option node_rule_ref="node" adjacent_depth_limit="1" distance="0" maxDistance="10" adjacent_distance_min="0" adjacent_distance_max="1000"/>
        </link_group>
      </node_rule>
    </location_graph_rule>
  </rule_group>
  <location_graph id="location_graph_id">
    <rule location_graph_rule_ref="location_graph_rule_id"/>
    <node node_rule_ref="node" id="node_id">
      <position x="0" y="0"/>
      <link_to node_id_ref="node_id_2"/>
      <link_to node_id_ref="node_id_3"/>
      <link_to node_id_ref="0.0"/>
    </node>
    <node node_rule_ref="node" id="node_id_2">
      <position x="10" y="0"/>
      <link_to node_id_ref="node_id"/>
      <link_to node_id_ref="node_id_2"/>
      <link_to node_id_ref="node_id_3"/>
    </node>
    <node node_rule_ref="node" id="node_id_3">
      <position x="11" y="0"/>
      <link_to node_id_ref="node_id"/>
      <link_to node_id_ref="0.0"/>
    </node>
    <node node_rule_ref="node" id="0.0">
      <position x="-1" y="-2"/>
    </node>
  </location_graph>
</world_step>