<world_step xmlns:xsi="http://www.w3.org/2001/XMLSchema-instance"
            xsi:noNamespaceSchemaLocation="../../../../../../../../../../../../../../../world_step.xsd">
  <world_metadata>
    <elapsed_time value="0"/>
    <stepDuration value="0"/>
    <counter value="0"/>
    <randomization_table>
      <entry value="2"/>
    </randomization_table>
  </world_metadata>
  <rule_group id="rule_group_id">
    <property_rule>
      <entry id="strength" units="points"/>
      <entry id="health" units="points"/>
    </property_rule>
    <action_rule>
      <from_person id="from_person_rule">
        <selection>
          <property property_rule_ref="strength">
            <min initial="1"/>
          </property>
        </selection>
        <mutations>
          <property_mutation property_rule_ref="strength">
            <from participant="self">
              <operation initial="-1"/>
            </from>
          </property_mutation>
        </mutations>
        <on_person>
          <mutations>
            <property_mutation property_rule_ref="health">
              <from participant="target">
                <operation initial="1"/>
              </from>
            </property_mutation>
          </mutations>
        </on_person>
      </from_person>
    </action_rule>
  </rule_group>
  <data>
    <people>
      <person id="1">
        <properties>
          <property property_rule_ref="strength" value="9"/>
        </properties>
        <classifications/>
      </person>
      <person id="2">
        <properties>
          <property property_rule_ref="health" value="2"/>
        </properties>
        <classifications/>
      </person>
    </people>
  </data>
  <actions/>
</world_step>