<world_step
        xmlns:xsi="http://www.w3.org/2001/XMLSchema-instance"
        xsi:noNamespaceSchemaLocation="../../../../../../../../../../../../../world_step.xsd">
  <world_metadata>
    <elapsed_time value="0"/>
    <stepDuration value="0"/>
    <counter value="0"/>
    <randomization_table>
      <entry value="2"/>
    </randomization_table>
  </world_metadata> <rule_group id="rule_group_id">
  <property_rule>
    <entry id="property" units="points"/>
  </property_rule>
  <action_rule>
    <person_to_person id="action_rule">
      <test>
        <value target="target">
          <operation initial="0">
            <and do="add" value="0"/>
          </operation>
        </value>
        <expected target="target">
          <operation initial="0">
            <and do="add" value="0"/>
          </operation>
        </expected>
      </test>
    </person_to_person>
  </action_rule>
  <events_rule>
    <entry id="item_select">
      <when>
        <person_action_used action_rule_ref="action_rule"/>
      </when>
      <then>
        <select_person origin="target">
          <min initial="1"/>
        </select_person>
        <property_mutation property_rule_ref="property" initial="1"/>
      </then>
    </entry>
  </events_rule>
</rule_group>
  <data>
    <people>
      <person id="1">
        <properties>
          <property property_rule_ref="property" value="1"/>
        </properties>
        <classifications/>
      </person>
    </people>
  </data>
  <actions/>
</world_step>