/world_step[0]/data[0]/people[0]/person[0]
<person id="0.0"><properties><property property_rule_ref="property" value="1"/></properties></person>
---
/world_step[0]/data[0]/location[0]/location_graph[0]/node[0]
<node id="node_id" node_rule_ref="node_rule"><people/></node>
---
/world_step[0]/data[0]/location[0]/location_graph[0]/node[0]
<node id="node_id" node_rule_ref="node_rule"><people><person person_id_ref="0.0"/></people></node>
---
/world_step[0]/data[0]/location[0]/location_graph[0]/node[0]
<node id="node_id" node_rule_ref="node_rule"><people><person person_id_ref="0.0"/></people></node>
---
/world_step[0]/data[0]/people[0]/person[0]
<person id="0.0"><properties><property property_rule_ref="property" value="1"/></properties><classifications/></person>