<world_step xmlns:xsi="http://www.w3.org/2001/XMLSchema-instance" xsi:noNamespaceSchemaLocation="../../../../../../../world_step.xsd">
  <world_metadata>
    <elapsed_time value="0"/>
    <stepDuration value="0"/>
    <counter value="1"/>
    <randomization_table>
      <entry value="2"/>
    </randomization_table>
  </world_metadata>
  <rule_group id="rule_group_id"/>
  <people>
    <person id="0.0">
      <location x="0" y="0"/>
      <properties/>
      <inventory/>
      <classifications/>
    </person>
  </people>
  <actions/>
</world_step>